// Jest Snapshot v1, https://goo.gl/fbAQLP

exports[`should render Vod Modal correctly 1`] = `
Object {
  "asFragment": [Function],
  "baseElement": <body>
    <div>
      <div
        class="styles__Container-xygqpp-0 hoGEtO"
      >
        <div
          class="styles__HCaptchaContainer-xygqpp-1 iyYtEI"
        >
          <div />
        </div>
        <div
          class="styles__CustomOptions-xygqpp-2 kqLSmC"
        >
          <select>
            <option
              value="0.5"
            >
              Speed 0.5x
            </option>
            <option
              value="0.75"
            >
              Speed 0.75x
            </option>
            <option
              selected=""
              value="1"
            >
              Speed 1x
            </option>
            <option
              value="2"
            >
              Speed 2x
            </option>
          </select>
          <button>
            Clip it
             
            <img
              src="https://static-cdn.jtvnw.net/emoticons/v2/425618/default/dark/3.0"
              title="LUL"
            />
          </button>
        </div>
        <div
          style="width: 100%; height: 100%;"
        />
      </div>
    </div>
  </body>,
  "container": <div>
    <div
      class="styles__Container-xygqpp-0 hoGEtO"
    >
      <div
        class="styles__HCaptchaContainer-xygqpp-1 iyYtEI"
      >
        <div />
      </div>
      <div
        class="styles__CustomOptions-xygqpp-2 kqLSmC"
      >
        <select>
          <option
            value="0.5"
          >
            Speed 0.5x
          </option>
          <option
            value="0.75"
          >
            Speed 0.75x
          </option>
          <option
            selected=""
            value="1"
          >
            Speed 1x
          </option>
          <option
            value="2"
          >
            Speed 2x
          </option>
        </select>
        <button>
          Clip it
           
          <img
            src="https://static-cdn.jtvnw.net/emoticons/v2/425618/default/dark/3.0"
            title="LUL"
          />
        </button>
      </div>
      <div
        style="width: 100%; height: 100%;"
      />
    </div>
  </div>,
  "debug": [Function],
  "findAllByAltText": [Function],
  "findAllByDisplayValue": [Function],
  "findAllByLabelText": [Function],
  "findAllByPlaceholderText": [Function],
  "findAllByRole": [Function],
  "findAllByTestId": [Function],
  "findAllByText": [Function],
  "findAllByTitle": [Function],
  "findByAltText": [Function],
  "findByDisplayValue": [Function],
  "findByLabelText": [Function],
  "findByPlaceholderText": [Function],
  "findByRole": [Function],
  "findByTestId": [Function],
  "findByText": [Function],
  "findByTitle": [Function],
  "getAllByAltText": [Function],
  "getAllByDisplayValue": [Function],
  "getAllByLabelText": [Function],
  "getAllByPlaceholderText": [Function],
  "getAllByRole": [Function],
  "getAllByTestId": [Function],
  "getAllByText": [Function],
  "getAllByTitle": [Function],
  "getByAltText": [Function],
  "getByDisplayValue": [Function],
  "getByLabelText": [Function],
  "getByPlaceholderText": [Function],
  "getByRole": [Function],
  "getByTestId": [Function],
  "getByText": [Function],
  "getByTitle": [Function],
  "queryAllByAltText": [Function],
  "queryAllByDisplayValue": [Function],
  "queryAllByLabelText": [Function],
  "queryAllByPlaceholderText": [Function],
  "queryAllByRole": [Function],
  "queryAllByTestId": [Function],
  "queryAllByText": [Function],
  "queryAllByTitle": [Function],
  "queryByAltText": [Function],
  "queryByDisplayValue": [Function],
  "queryByLabelText": [Function],
  "queryByPlaceholderText": [Function],
  "queryByRole": [Function],
  "queryByTestId": [Function],
  "queryByText": [Function],
  "queryByTitle": [Function],
  "rerender": [Function],
  "unmount": [Function],
}
`;
