// Jest Snapshot v1, https://goo.gl/fbAQLP

exports[`should render Deleted Clips correctly 1`] = `
<div>
  <div
    class="DeletedClips__Container-sc-18jbdtp-0 jbyLTS"
  >
    <div
      class="DeletedClips__AnimationContainer-sc-18jbdtp-1 djecwq"
    >
      <h1>
        Deleted Twitch Clips
      </h1>
      <form>
        <div
          class="input-box"
        >
          <input
            name="vodId"
            placeholder="Vod ID"
            type="number"
            value=""
          />
          <div
            class="styles__Container-pgyzn6-0 iZUCBN"
          >
            <div
              class="info-box"
            >
              <p>
                <p>
                  Vod ID is the numbers in twitch.tv/videos/123123
                </p>
                <p>
                  Or you can get the Vod ID from
                  <a
                    href="https://twitchtracker.com/xqcow/streams/43911503933"
                    rel="noopener noreferrer"
                    target="_blank"
                  >
                    https://twitchtracker.com/xqcow/streams/43911503933
                  </a>
                </p>
              </p>
            </div>
            <svg
              fill="none"
              height="18"
              stroke="currentColor"
              stroke-linecap="round"
              stroke-linejoin="round"
              stroke-width="2"
              viewBox="0 0 24 24"
              width="18"
              xmlns="http://www.w3.org/2000/svg"
            >
              <circle
                cx="12"
                cy="12"
                r="10"
              />
              <line
                x1="12"
                x2="12"
                y1="16"
                y2="12"
              />
              <line
                x1="12"
                x2="12.01"
                y1="8"
                y2="8"
              />
            </svg>
          </div>
        </div>
        <label>
          <input
            type="checkbox"
          />
          Choose search range
        </label>
        <div />
        <button
          aria-label="submit"
          disabled=""
          type="submit"
        >
          <svg
            fill="none"
            height="14"
            stroke="currentColor"
            stroke-linecap="round"
            stroke-linejoin="round"
            stroke-width="2"
            viewBox="0 0 24 24"
            width="14"
            xmlns="http://www.w3.org/2000/svg"
          >
            <circle
              cx="11"
              cy="11"
              r="8"
            />
            <line
              x1="21"
              x2="16.65"
              y1="21"
              y2="16.65"
            />
          </svg>
          Search
        </button>
      </form>
      <div
        class="styles__Container-cfnpnh-0 kzDwPL"
      >
        <a
          aria-label="Home"
          class="styles__Link-cfnpnh-1 bvpnnQ"
          href="/"
        >
          <span>
            <svg
              fill="none"
              height="14"
              stroke="currentColor"
              stroke-linecap="round"
              stroke-linejoin="round"
              stroke-width="2"
              viewBox="0 0 24 24"
              width="14"
              xmlns="http://www.w3.org/2000/svg"
            >
              <circle
                cx="11"
                cy="11"
                r="8"
              />
              <line
                x1="21"
                x2="16.65"
                y1="21"
                y2="16.65"
              />
            </svg>
            Home
          </span>
        </a>
        <a
          aria-label="DeletedVods"
          class="styles__Link-cfnpnh-1 bvpnnQ"
          href="/deletedvods"
        >
          <span>
            <svg
              fill="none"
              height="14"
              stroke="currentColor"
              stroke-linecap="round"
              stroke-linejoin="round"
              stroke-width="2"
              viewBox="0 0 24 24"
              width="14"
              xmlns="http://www.w3.org/2000/svg"
            >
              <circle
                cx="11"
                cy="11"
                r="8"
              />
              <line
                x1="21"
                x2="16.65"
                y1="21"
                y2="16.65"
              />
            </svg>
            Search for deleted vods
          </span>
        </a>
        <a
          aria-label="DownloadClip"
          class="styles__Link-cfnpnh-1 bvpnnQ"
          href="/downloadclip"
        >
          <span>
            <svg
              fill="none"
              height="14"
              stroke="currentColor"
              stroke-linecap="round"
              stroke-linejoin="round"
              stroke-width="2"
              viewBox="0 0 24 24"
              width="14"
              xmlns="http://www.w3.org/2000/svg"
            >
              <circle
                cx="11"
                cy="11"
                r="8"
              />
              <line
                x1="21"
                x2="16.65"
                y1="21"
                y2="16.65"
              />
            </svg>
            Download Twitch Clips
          </span>
        </a>
      </div>
    </div>
    <div
      class="styles__Container-w3v8va-0 kVLkFL"
    >
      <a
        href="https://ko-fi.com/pogulive"
        rel="noopener noreferrer"
        target="_blank"
      >
        <img
          alt="Buy Me a Coffee at ko-fi.com"
          class="kofi-img"
          src="https://cdn.ko-fi.com/cdn/kofi5.png?v=2"
        />
      </a>
      <a
        href="https://twitter.com/pogulive"
        rel="noopener noreferrer"
        target="_blank"
      >
        <img
          alt="twitter logo"
          src="https://abs.twimg.com/favicons/twitter.ico"
        />
      </a>
    </div>
  </div>
</div>
`;
