// Jest Snapshot v1, https://goo.gl/fbAQLP

exports[`should render Deleted Clips correctly 1`] = `
<div>
  <div
    class="DeletedClips__Container-sc-18jbdtp-0 jbyLTS"
  >
    <div
      class="DeletedClips__AnimationContainer-sc-18jbdtp-1 jhYhCn"
    >
      <h1>
        Deleted Twitch Clips
      </h1>
      <form>
        <div
          class="input-box"
        >
          <input
            name="vodId"
            placeholder="Vod ID"
            type="number"
            value=""
          />
          <div
            class="styles__Container-pgyzn6-0 iZUCBN"
          >
            <div
              class="info-box"
            >
              <p>
                <p>
                  Vod ID is the numbers in twitch.tv/videos/123123
                </p>
                <p>
                  Or you can get the Vod ID from
                  <a
                    href="https://twitchtracker.com/xqcow/streams/43911503933"
                    rel="noopener noreferrer"
                    target="_blank"
                  >
                    https://twitchtracker.com/xqcow/streams/43911503933
                  </a>
                </p>
              </p>
            </div>
            <svg
              fill="none"
              height="18"
              stroke="currentColor"
              stroke-linecap="round"
              stroke-linejoin="round"
              stroke-width="2"
              viewBox="0 0 24 24"
              width="18"
              xmlns="http://www.w3.org/2000/svg"
            >
              <circle
                cx="12"
                cy="12"
                r="10"
              />
              <line
                x1="12"
                x2="12"
                y1="16"
                y2="12"
              />
              <line
                x1="12"
                x2="12.01"
                y1="8"
                y2="8"
              />
            </svg>
          </div>
        </div>
        <div
          class="time-container"
        >
          <div
            style="margin: 5% 1%; position: relative; width: 98%;"
          >
            <div
              style="position: absolute; width: 100%; height: 14px; border-radius: 7px; cursor: pointer; background-color: rgb(155, 155, 155);"
            />
            <div
              class="slider-handles"
            >
              <div
                aria-valuemax="30"
                aria-valuemin="0"
                aria-valuenow="7"
                role="slider"
                style="left: 23.333333333333332%; position: absolute; margin-left: -11px; margin-top: -6px; z-index: 2; width: 24px; height: 24px; cursor: pointer; border-radius: 50%; box-shadow: 1px 1px 1px 1px rgba(0, 0, 0, 0.2); background-color: rgb(52, 86, 143);"
              />
              <div
                aria-valuemax="30"
                aria-valuemin="0"
                aria-valuenow="15"
                role="slider"
                style="left: 50%; position: absolute; margin-left: -11px; margin-top: -6px; z-index: 2; width: 24px; height: 24px; cursor: pointer; border-radius: 50%; box-shadow: 1px 1px 1px 1px rgba(0, 0, 0, 0.2); background-color: rgb(52, 86, 143);"
              />
            </div>
            <div
              class="slider-tracks"
            >
              <div
                style="position: absolute; height: 14px; z-index: 1; background-color: rgb(122, 160, 196); border-radius: 7px; cursor: pointer; left: 23.333333333333332%; width: 26.666666666666668%;"
              />
            </div>
            <div
              class="slider-ticks"
            >
              <div>
                <div
                  style="position: absolute; margin-top: 14px; width: 1px; height: 5px; background-color: rgb(200, 200, 200); left: 0%;"
                />
                <div
                  style="position: absolute; margin-top: 22px; font-size: 10px; text-align: center; margin-left: -3.125%; width: 6.25%; left: 0%;"
                >
                  0
                </div>
              </div>
              <div>
                <div
                  style="position: absolute; margin-top: 14px; width: 1px; height: 5px; background-color: rgb(200, 200, 200); left: 6.666666666666667%;"
                />
                <div
                  style="position: absolute; margin-top: 22px; font-size: 10px; text-align: center; margin-left: -3.125%; width: 6.25%; left: 6.666666666666667%;"
                >
                  2
                </div>
              </div>
              <div>
                <div
                  style="position: absolute; margin-top: 14px; width: 1px; height: 5px; background-color: rgb(200, 200, 200); left: 13.333333333333334%;"
                />
                <div
                  style="position: absolute; margin-top: 22px; font-size: 10px; text-align: center; margin-left: -3.125%; width: 6.25%; left: 13.333333333333334%;"
                >
                  4
                </div>
              </div>
              <div>
                <div
                  style="position: absolute; margin-top: 14px; width: 1px; height: 5px; background-color: rgb(200, 200, 200); left: 20%;"
                />
                <div
                  style="position: absolute; margin-top: 22px; font-size: 10px; text-align: center; margin-left: -3.125%; width: 6.25%; left: 20%;"
                >
                  6
                </div>
              </div>
              <div>
                <div
                  style="position: absolute; margin-top: 14px; width: 1px; height: 5px; background-color: rgb(200, 200, 200); left: 26.666666666666668%;"
                />
                <div
                  style="position: absolute; margin-top: 22px; font-size: 10px; text-align: center; margin-left: -3.125%; width: 6.25%; left: 26.666666666666668%;"
                >
                  8
                </div>
              </div>
              <div>
                <div
                  style="position: absolute; margin-top: 14px; width: 1px; height: 5px; background-color: rgb(200, 200, 200); left: 33.33333333333333%;"
                />
                <div
                  style="position: absolute; margin-top: 22px; font-size: 10px; text-align: center; margin-left: -3.125%; width: 6.25%; left: 33.33333333333333%;"
                >
                  10
                </div>
              </div>
              <div>
                <div
                  style="position: absolute; margin-top: 14px; width: 1px; height: 5px; background-color: rgb(200, 200, 200); left: 40%;"
                />
                <div
                  style="position: absolute; margin-top: 22px; font-size: 10px; text-align: center; margin-left: -3.125%; width: 6.25%; left: 40%;"
                >
                  12
                </div>
              </div>
              <div>
                <div
                  style="position: absolute; margin-top: 14px; width: 1px; height: 5px; background-color: rgb(200, 200, 200); left: 46.666666666666664%;"
                />
                <div
                  style="position: absolute; margin-top: 22px; font-size: 10px; text-align: center; margin-left: -3.125%; width: 6.25%; left: 46.666666666666664%;"
                >
                  14
                </div>
              </div>
              <div>
                <div
                  style="position: absolute; margin-top: 14px; width: 1px; height: 5px; background-color: rgb(200, 200, 200); left: 53.333333333333336%;"
                />
                <div
                  style="position: absolute; margin-top: 22px; font-size: 10px; text-align: center; margin-left: -3.125%; width: 6.25%; left: 53.333333333333336%;"
                >
                  16
                </div>
              </div>
              <div>
                <div
                  style="position: absolute; margin-top: 14px; width: 1px; height: 5px; background-color: rgb(200, 200, 200); left: 60%;"
                />
                <div
                  style="position: absolute; margin-top: 22px; font-size: 10px; text-align: center; margin-left: -3.125%; width: 6.25%; left: 60%;"
                >
                  18
                </div>
              </div>
              <div>
                <div
                  style="position: absolute; margin-top: 14px; width: 1px; height: 5px; background-color: rgb(200, 200, 200); left: 66.66666666666666%;"
                />
                <div
                  style="position: absolute; margin-top: 22px; font-size: 10px; text-align: center; margin-left: -3.125%; width: 6.25%; left: 66.66666666666666%;"
                >
                  20
                </div>
              </div>
              <div>
                <div
                  style="position: absolute; margin-top: 14px; width: 1px; height: 5px; background-color: rgb(200, 200, 200); left: 73.33333333333333%;"
                />
                <div
                  style="position: absolute; margin-top: 22px; font-size: 10px; text-align: center; margin-left: -3.125%; width: 6.25%; left: 73.33333333333333%;"
                >
                  22
                </div>
              </div>
              <div>
                <div
                  style="position: absolute; margin-top: 14px; width: 1px; height: 5px; background-color: rgb(200, 200, 200); left: 80%;"
                />
                <div
                  style="position: absolute; margin-top: 22px; font-size: 10px; text-align: center; margin-left: -3.125%; width: 6.25%; left: 80%;"
                >
                  24
                </div>
              </div>
              <div>
                <div
                  style="position: absolute; margin-top: 14px; width: 1px; height: 5px; background-color: rgb(200, 200, 200); left: 86.66666666666667%;"
                />
                <div
                  style="position: absolute; margin-top: 22px; font-size: 10px; text-align: center; margin-left: -3.125%; width: 6.25%; left: 86.66666666666667%;"
                >
                  26
                </div>
              </div>
              <div>
                <div
                  style="position: absolute; margin-top: 14px; width: 1px; height: 5px; background-color: rgb(200, 200, 200); left: 93.33333333333333%;"
                />
                <div
                  style="position: absolute; margin-top: 22px; font-size: 10px; text-align: center; margin-left: -3.125%; width: 6.25%; left: 93.33333333333333%;"
                >
                  28
                </div>
              </div>
              <div>
                <div
                  style="position: absolute; margin-top: 14px; width: 1px; height: 5px; background-color: rgb(200, 200, 200); left: 100%;"
                />
                <div
                  style="position: absolute; margin-top: 22px; font-size: 10px; text-align: center; margin-left: -3.125%; width: 6.25%; left: 100%;"
                >
                  30
                </div>
              </div>
            </div>
          </div>
          <div
            class="time-buttons"
          >
            <button>
              👈
            </button>
            <button>
              👉
            </button>
          </div>
        </div>
        <button
          aria-label="submit"
          type="submit"
        >
          <svg
            fill="none"
            height="14"
            stroke="currentColor"
            stroke-linecap="round"
            stroke-linejoin="round"
            stroke-width="2"
            viewBox="0 0 24 24"
            width="14"
            xmlns="http://www.w3.org/2000/svg"
          >
            <circle
              cx="11"
              cy="11"
              r="8"
            />
            <line
              x1="21"
              x2="16.65"
              y1="21"
              y2="16.65"
            />
          </svg>
          Search
        </button>
      </form>
      <div
        class="styles__Container-cfnpnh-0 hlHjgV"
      >
        <a
          aria-label="Home"
          class="styles__Link-cfnpnh-1 bvpnnQ"
          href="/"
        >
          <span>
            <svg
              fill="none"
              height="14"
              stroke="currentColor"
              stroke-linecap="round"
              stroke-linejoin="round"
              stroke-width="2"
              viewBox="0 0 24 24"
              width="14"
              xmlns="http://www.w3.org/2000/svg"
            >
              <circle
                cx="11"
                cy="11"
                r="8"
              />
              <line
                x1="21"
                x2="16.65"
                y1="21"
                y2="16.65"
              />
            </svg>
            Home
          </span>
        </a>
      </div>
    </div>
    <div
      class="styles__Container-w3v8va-0 kVLkFL"
    >
      <a
        href="https://ko-fi.com/pogulive"
        rel="noopener noreferrer"
        target="_blank"
      >
        <img
          alt="Buy Me a Coffee at ko-fi.com"
          class="kofi-img"
          src="https://cdn.ko-fi.com/cdn/kofi5.png?v=2"
        />
      </a>
      <a
        href="https://twitter.com/pogulive"
        rel="noopener noreferrer"
        target="_blank"
      >
        <img
          alt="twitter logo"
          src="https://abs.twimg.com/favicons/twitter.ico"
        />
      </a>
    </div>
  </div>
</div>
`;
